PLINK v2.0.0-a.6.9LM 64-bit Intel (29 Jan 2025)
Options in effect:
  --freq
  --keep data/SAS_samples.txt
  --max-alleles 2
  --out results/af_SAS
  --set-all-var-ids @:#:$r:$a
  --vcf data/edar_1kg_grch37.vcf.gz

Hostname: NLinh
Working directory: /home/nhatlinh/edar/popgen
Start time: Mon Jun  1 21:50:25 2026

Random number seed: 1780343425
7622 MiB RAM detected, ~7048 available; reserving 3811 MiB for main workspace.
Using up to 8 compute threads.
--vcf: 12031 variants scanned.
--vcf: results/af_SAS-temporary.pgen + results/af_SAS-temporary.pvar.zst +
results/af_SAS-temporary.psam written.
2504 samples (0 females, 0 males, 2504 ambiguous; 2504 founders) loaded from
results/af_SAS-temporary.psam.
11968 out of 12031 variants loaded from results/af_SAS-temporary.pvar.zst.
Note: No phenotype data present.
--keep: 489 samples remaining.
489 samples (0 females, 0 males, 489 ambiguous; 489 founders) remaining after
main filters.
Calculating allele frequencies... done.
--freq: Allele frequencies (founders only) written to results/af_SAS.afreq .

End time: Mon Jun  1 21:50:26 2026
